../User/Car/control.c:31:6:InitCar	8	static
../User/Car/control.c:39:6:SetAbnormalBehavior	0	static
../User/Car/control.c:129:9:Is_Car_Runing	0	static
../User/Car/control.c:144:6:Periodic_Update_Car_ActualSpeed	8	static
../User/Car/control.c:160:6:Set_Motor_ExpectedSpeed	0	static
../User/Car/control.c:166:6:Transform_AxisSpeed	0	static
../User/Car/control.c:202:6:AddCarSpeed	0	static
../User/Car/control.c:48:6:CorrectCarDirection	24	static
../User/Car/control.c:118:6:Periodic_UpdateAndSet_Car_ExpectedSpeed	24	static
../User/Car/control.c:212:6:SetCarSpeed	0	static
