../User/BasicInfor/map.c:64:10:CalculateDistance	24	static
../User/BasicInfor/map.c:73:6:CalculateFGH	32	static
../User/BasicInfor/map.c:91:10:WayFinding	64	static
../User/BasicInfor/map.c:196:11:GetDirectionDeviation	24	static
../User/BasicInfor/map.c:208:9:RoadToCommand	24	static
../User/BasicInfor/map.c:270:6:GenerateMap	144	dynamic
../User/BasicInfor/map.c:416:6:InitMap	8	static
../User/BasicInfor/map.c:423:6:SetDefaultValue	16	static
../User/BasicInfor/map.c:430:6:StartWayFindingAndRuning	24	static
