../User/Flash/W25Qxx.c:19:6:BSP_W25Qx_Reset	16	static
../User/Flash/W25Qxx.c:33:9:BSP_W25Qx_GetStatus	16	static
../User/Flash/W25Qxx.c:13:9:BSP_W25Qx_Init	8	static
../User/Flash/W25Qxx.c:59:9:BSP_W25Qx_WriteEnable	16	static
../User/Flash/W25Qxx.c:88:6:BSP_W25Qx_Read_ID	24	static
../User/Flash/W25Qxx.c:105:9:BSP_W25Qx_Read	24	static
../User/Flash/W25Qxx.c:131:9:BSP_W25Qx_Write	56	static
../User/Flash/W25Qxx.c:206:9:BSP_W25Qx_Erase_Block	24	static
../User/Flash/W25Qxx.c:241:9:BSP_W25Qx_Erase_Chip	16	static
