../User/Screen/lcd.c:12:9:SPI_WriteByte	16	static
../User/Screen/lcd.c:18:6:SPI_WriteByte_DMA	16	static
../User/Screen/lcd.c:29:13:LCD_Write_Cmd	16	static
../User/Screen/lcd.c:40:13:LCD_Write_Data	16	static
../User/Screen/lcd.c:51:6:LCD_Write_2Bytes	24	static
../User/Screen/lcd.c:68:6:LCD_DisplayOn	8	static
../User/Screen/lcd.c:77:6:LCD_DisplayOff	8	static
../User/Screen/lcd.c:88:6:LCD_Address_Set	24	static
../User/Screen/lcd.c:116:6:LCD_Clear	24	static
../User/Screen/lcd.c:146:6:LCD_Init	8	static
../User/Screen/lcd.c:250:6:LCD_ShowChar	40	static
../User/Screen/lcd.c:352:6:LCD_ShowCharStr	40	static
../User/Screen/lcd.c:376:6:LCD_Draw_ColorPoint	16	static
../User/Screen/lcd.c:388:6:LCD_Draw_ColorLine	48	static
../User/Screen/lcd.c:499:6:LCD_Draw_ColorRect	32	static
../User/Screen/lcd.c:514:6:LCD_Draw_ColorCircle	32	static
../User/Screen/lcd.c:558:6:LCD_Show_Image	40	static
../User/Screen/lcd.c:603:6:LCD_ShowStringLineX	32	static
../User/Screen/lcd.c:609:6:LCD_InitX	16	static
../User/Screen/lcd.c:619:6:LCD_Close	8	static
