../User/Screen/oled.c:19:6:IIC_Start	4	static
../User/Screen/oled.c:31:6:IIC_Stop	4	static
../User/Screen/oled.c:40:6:IIC_Wait_Ack	4	static
../User/Screen/oled.c:66:6:Write_IIC_Byte	24	static
../User/Screen/oled.c:92:6:Write_IIC_Command	16	static
../User/Screen/oled.c:106:6:Write_IIC_Data	16	static
../User/Screen/oled.c:117:6:OLED_WR_Byte	16	static
../User/Screen/oled.c:136:6:fill_picture	24	static
../User/Screen/oled.c:152:6:Delay_50ms	24	static
../User/Screen/oled.c:160:6:Delay_1ms	24	static
../User/Screen/oled.c:172:6:OLED_Set_Pos	16	static
../User/Screen/oled.c:179:6:OLED_Display_On	8	static
../User/Screen/oled.c:186:6:OLED_Display_Off	8	static
../User/Screen/oled.c:193:6:OLED_Clear	16	static
../User/Screen/oled.c:205:6:OLED_On	16	static
../User/Screen/oled.c:222:6:OLED_ShowChar	32	static
../User/Screen/oled.c:239:10:oled_pow	24	static
../User/Screen/oled.c:252:6:OLED_ShowNum	24	static
../User/Screen/oled.c:275:6:OLED_Init	8	static
../User/Screen/oled.c:325:6:OLED_ShowString	24	static
../User/Screen/oled.c:342:6:OLED_ShowStringLine	16	static
../User/Screen/oled.c:354:6:OLED_DrawBMP	32	static
../User/Screen/oled.c:373:6:OLED_InitX	24	static
