../User/Screen/oled.c:19:6:IIC_Start	0	static
../User/Screen/oled.c:31:6:IIC_Stop	0	static
../User/Screen/oled.c:40:6:IIC_Wait_Ack	0	static
../User/Screen/oled.c:66:6:Write_IIC_Byte	0	static
../User/Screen/oled.c:92:6:Write_IIC_Command	0	static
../User/Screen/oled.c:106:6:Write_IIC_Data	0	static
../User/Screen/oled.c:117:6:OLED_WR_Byte	0	static
../User/Screen/oled.c:136:6:fill_picture	0	static
../User/Screen/oled.c:152:6:Delay_50ms	0	static
../User/Screen/oled.c:160:6:Delay_1ms	0	static
../User/Screen/oled.c:172:6:OLED_Set_Pos	0	static
../User/Screen/oled.c:179:6:OLED_Display_On	0	static
../User/Screen/oled.c:186:6:OLED_Display_Off	0	static
../User/Screen/oled.c:193:6:OLED_Clear	0	static
../User/Screen/oled.c:205:6:OLED_On	0	static
../User/Screen/oled.c:222:6:OLED_ShowChar	0	static
../User/Screen/oled.c:239:10:oled_pow	0	static
../User/Screen/oled.c:252:6:OLED_ShowNum	0	static
../User/Screen/oled.c:275:6:OLED_Init	0	static
../User/Screen/oled.c:325:6:OLED_ShowString	0	static
../User/Screen/oled.c:342:6:OLED_ShowStringLine	0	static
../User/Screen/oled.c:354:6:OLED_DrawBMP	0	static
../User/Screen/oled.c:373:6:OLED_InitX	8	static
