../User/Screen/oled.c:19:6:IIC_OLED_Start	4	static
../User/Screen/oled.c:28:6:IIC_OLED_Stop	4	static
../User/Screen/oled.c:36:6:IIC_OLED_Wait_Ack	4	static
../User/Screen/oled.c:61:6:Write_IIC_Byte	24	static
../User/Screen/oled.c:86:6:Write_IIC_Command	16	static
../User/Screen/oled.c:100:6:Write_IIC_Data	16	static
../User/Screen/oled.c:111:6:OLED_WR_Byte	16	static
../User/Screen/oled.c:130:6:fill_picture	24	static
../User/Screen/oled.c:146:6:Delay_50ms	24	static
../User/Screen/oled.c:154:6:Delay_1ms	24	static
../User/Screen/oled.c:166:6:OLED_Set_Pos	16	static
../User/Screen/oled.c:173:6:OLED_Display_On	8	static
../User/Screen/oled.c:180:6:OLED_Display_Off	8	static
../User/Screen/oled.c:187:6:OLED_Clear	16	static
../User/Screen/oled.c:199:6:OLED_On	16	static
../User/Screen/oled.c:216:6:OLED_ShowChar	32	static
../User/Screen/oled.c:233:10:oled_pow	24	static
../User/Screen/oled.c:246:6:OLED_ShowNum	24	static
../User/Screen/oled.c:269:6:OLED_Init	8	static
../User/Screen/oled.c:319:6:OLED_ShowString	24	static
../User/Screen/oled.c:336:6:OLED_ShowStringLine	16	static
../User/Screen/oled.c:348:6:OLED_DrawBMP	32	static
../User/Screen/oled.c:367:6:OLED_InitX	24	static
