../Core/Src/stm32f4xx_it.c:81:6:NMI_Handler	4	static
../Core/Src/stm32f4xx_it.c:96:6:HardFault_Handler	4	static
../Core/Src/stm32f4xx_it.c:111:6:MemManage_Handler	4	static
../Core/Src/stm32f4xx_it.c:126:6:BusFault_Handler	4	static
../Core/Src/stm32f4xx_it.c:141:6:UsageFault_Handler	4	static
../Core/Src/stm32f4xx_it.c:156:6:SVC_Handler	4	static
../Core/Src/stm32f4xx_it.c:169:6:DebugMon_Handler	4	static
../Core/Src/stm32f4xx_it.c:182:6:PendSV_Handler	4	static
../Core/Src/stm32f4xx_it.c:195:6:SysTick_Handler	8	static
../Core/Src/stm32f4xx_it.c:216:6:EXTI3_IRQHandler	8	static
../Core/Src/stm32f4xx_it.c:230:6:DMA1_Stream4_IRQHandler	8	static
../Core/Src/stm32f4xx_it.c:243:6:TIM1_TRG_COM_TIM11_IRQHandler	8	static
../Core/Src/stm32f4xx_it.c:258:6:USART1_IRQHandler	8	static
../Core/Src/stm32f4xx_it.c:272:6:TIM8_UP_TIM13_IRQHandler	8	static
../Core/Src/stm32f4xx_it.c:287:6:TIM8_TRG_COM_TIM14_IRQHandler	8	static
../Core/Src/stm32f4xx_it.c:302:6:SDIO_IRQHandler	8	static
../Core/Src/stm32f4xx_it.c:316:6:TIM6_DAC_IRQHandler	8	static
../Core/Src/stm32f4xx_it.c:330:6:TIM7_IRQHandler	8	static
../Core/Src/stm32f4xx_it.c:344:6:DMA2_Stream3_IRQHandler	8	static
../Core/Src/stm32f4xx_it.c:358:6:DMA2_Stream6_IRQHandler	8	static
