../Core/Src/tim.c:38:6:MX_TIM1_Init	56	static
../Core/Src/tim.c:83:6:MX_TIM3_Init	64	static
../Core/Src/tim.c:149:6:MX_TIM4_Init	56	static
../Core/Src/tim.c:193:6:MX_TIM5_Init	56	static
../Core/Src/tim.c:237:6:MX_TIM6_Init	16	static
../Core/Src/tim.c:270:6:MX_TIM7_Init	16	static
../Core/Src/tim.c:303:6:MX_TIM8_Init	56	static
../Core/Src/tim.c:348:6:MX_TIM13_Init	8	static
../Core/Src/tim.c:374:6:MX_TIM14_Init	40	static
../Core/Src/tim.c:415:6:HAL_TIM_Encoder_MspInit	72	static
../Core/Src/tim.c:522:6:HAL_TIM_Base_MspInit	40	static
../Core/Src/tim.c:597:6:HAL_TIM_MspPostInit	48	static
../Core/Src/tim.c:656:6:HAL_TIM_Encoder_MspDeInit	16	static
../Core/Src/tim.c:750:6:HAL_TIM_Base_MspDeInit	16	static
