../Core/Src/tim.c:39:6:MX_TIM1_Init	56	static
../Core/Src/tim.c:84:6:MX_TIM3_Init	64	static
../Core/Src/tim.c:150:6:MX_TIM4_Init	56	static
../Core/Src/tim.c:194:6:MX_TIM5_Init	56	static
../Core/Src/tim.c:238:6:MX_TIM6_Init	16	static
../Core/Src/tim.c:271:6:MX_TIM7_Init	16	static
../Core/Src/tim.c:304:6:MX_TIM8_Init	56	static
../Core/Src/tim.c:349:6:MX_TIM11_Init	8	static
../Core/Src/tim.c:375:6:MX_TIM13_Init	8	static
../Core/Src/tim.c:401:6:MX_TIM14_Init	40	static
../Core/Src/tim.c:442:6:HAL_TIM_Encoder_MspInit	72	static
../Core/Src/tim.c:552:6:HAL_TIM_Base_MspInit	40	static
../Core/Src/tim.c:642:6:HAL_TIM_MspPostInit	48	static
../Core/Src/tim.c:701:6:HAL_TIM_Encoder_MspDeInit	16	static
../Core/Src/tim.c:804:6:HAL_TIM_Base_MspDeInit	16	static
